[root@localhost ~]# cd .ssh

[root@localhost .ssh]# ls
authorized_keys  id_rsa  id_rsa.pub  known_hosts
[root@localhost .ssh]# cat id_rsa.pub 
ssh-rsa AAAAB3NzaC1yc2EAAAADAQABAAABgQCtqOYQdmW/SF4LD9Sdf4OIe1PYHQ8DLeT82LILM4cXaS6hHunwSsh3AW0rxLn9czIr8gyWFXKlWaEFHjKImQmxgHmQQnAWffOaq4Zylvj69FR189ejgtDoIishTeNNsQ+jMiaWGSR6s1W9vsZq6wCVkVBgb57Dyfz39CBzfjuv0beJM7KkVh4fymyqViYDWS9ennrzGJlBYgAgsQJkPdUgMw8QbqnDOpx99xytzPAmukq2wxujRIW52nzLuoA9L/fGjrqxmU5MVqXRgRlITavxkTbuBjpcOzodEksN8FeQBbTtpKNfSceZorZNs0pm2uIZx71TkULGJyl8X74CkXF0hpH1BDQRBBLnLg7fWmW+z+sJHmJ8TQ1lMva5o82EFNnYLbsu6CTvKLp7lIUjVX3uKXpYue86BMIF6woP/V2McOzctfY0m2gtUcgxq1lwDyPj7DJ2PKZ+jv9CfNuk6/gL2rBcvhIbauPQ6hUYZC+ef5jgK7Wwu3iQ1cTtiS9GqEU= root@localhost.localdomain
[root@localhost .ssh]# cd

[root@localhost ~]# git init
Initialized empty Git repository in /root/.git/

[root@localhost ~]# git clone git@github.com:Irfanali015/ansibleplaybook.git
Cloning into 'ansibleplaybook'...
The authenticity of host 'github.com (13.234.176.102)' can't be established.
ECDSA key fingerprint is SHA256:p2QAMXNIC1TJYWeIOttrVc98/R1BUFWu3/LiyKgUfQM.
Are you sure you want to continue connecting (yes/no/[fingerprint])? yes
Warning: Permanently added 'github.com,13.234.176.102' (ECDSA) to the list of known hosts.
warning: You appear to have cloned an empty repository.

[root@localhost ~]# ls
anaconda-ks.cfg  Desktop    Music            Public
ansible          Documents  original-ks.cfg  Templates
ansibleplaybook  Downloads  Pictures         Videos

[root@localhost ~]# cd ansible

[root@localhost ansible]# ll
total 16
-rw-r--r--. 1 root root 105 May 26 01:23 command.yml
-rw-r--r--. 1 root root 106 May 25 08:14 hello.yml
-rw-r--r--. 1 root root 485 May 25 22:40 httpd.yml
drwxr-xr-x. 2 root root   6 May 25 08:11 roles
-rw-r--r--. 1 root root 172 May 25 23:41 text.yml


[root@localhost ansible]# cp command.yml hello.yml httpd.yml text.yml /root/ansibleplaybook
cp: overwrite '/root/ansibleplaybook/hello.yml'? yes
cp: overwrite '/root/ansibleplaybook/httpd.yml'? y
cp: overwrite '/root/ansibleplaybook/text.yml'? yes
[root@localhost ansible]# cd
[root@localhost ~]# cd ansible
[root@localhost ansible]# cd
[root@localhost ~]# cd ansibleplaybook/
[root@localhost ansibleplaybook]# ll
total 16
-rw-r--r--. 1 root root 105 May 26 03:42 command.yml
-rw-r--r--. 1 root root 106 May 26 03:42 hello.yml
-rw-r--r--. 1 root root 485 May 26 03:42 httpd.yml
-rw-r--r--. 1 root root 172 May 26 03:42 text.yml
[root@localhost ansibleplaybook]# git add .
[root@localhost ansibleplaybook]# git status
On branch master

No commits yet

Changes to be committed:
  (use "git rm --cached <file>..." to unstage)
	new file:   command.yml
	new file:   hello.yml
	new file:   httpd.yml
	new file:   text.yml

[root@localhost ansibleplaybook]# git commit -m "first commit"
[master (root-commit) 8dba127] first commit
 Committer: root <root@localhost.localdomain>
Your name and email address were configured automatically based
on your username and hostname. Please check that they are accurate.
You can suppress this message by setting them explicitly. Run the
following command and follow the instructions in your editor to edit
your configuration file:

    git config --global --edit

After doing this, you may fix the identity used for this commit with:

    git commit --amend --reset-author

 4 files changed, 46 insertions(+)
 create mode 100644 command.yml
 create mode 100644 hello.yml
 create mode 100644 httpd.yml
 create mode 100644 text.yml
[root@localhost ansibleplaybook]# git branch
* master
[root@localhost ansibleplaybook]# git push -u origin master 
Enumerating objects: 6, done.
Counting objects: 100% (6/6), done.
Delta compression using up to 2 threads
Compressing objects: 100% (6/6), done.
Writing objects: 100% (6/6), 826 bytes | 826.00 KiB/s, done.
Total 6 (delta 0), reused 0 (delta 0), pack-reused 0
To github.com:Irfanali015/ansibleplaybook.git
 * [new branch]      master -> master
Branch 'master' set up to track remote branch 'master' from 'origin'.

